Analysis & Synthesis report for number_whack
Tue Apr 07 10:14:57 2020
Quartus Prime Version 19.1.0 Build 670 09/22/2019 SJ Lite Edition


---------------------
; Table of Contents ;
---------------------
  1. Legal Notice
  2. Analysis & Synthesis Summary
  3. Analysis & Synthesis Settings
  4. Parallel Compilation
  5. Analysis & Synthesis Source Files Read
  6. Analysis & Synthesis Resource Usage Summary
  7. Analysis & Synthesis Resource Utilization by Entity
  8. Registers Removed During Synthesis
  9. Removed Registers Triggering Further Register Optimizations
 10. General Register Statistics
 11. Inverted Register Statistics
 12. Multiplexer Restructuring Statistics (Restructuring Performed)
 13. Port Connectivity Checks: "disp_encoder:D5"
 14. Port Connectivity Checks: "disp_encoder:D4"
 15. Post-Synthesis Netlist Statistics for Top Partition
 16. Elapsed Time Per Partition
 17. Analysis & Synthesis Messages



----------------
; Legal Notice ;
----------------
Copyright (C) 2019  Intel Corporation. All rights reserved.
Your use of Intel Corporation's design tools, logic functions 
and other software and tools, and any partner logic 
functions, and any output files from any of the foregoing 
(including device programming or simulation files), and any 
associated documentation or information are expressly subject 
to the terms and conditions of the Intel Program License 
Subscription Agreement, the Intel Quartus Prime License Agreement,
the Intel FPGA IP License Agreement, or other applicable license
agreement, including, without limitation, that your use is for
the sole purpose of programming logic devices manufactured by
Intel and sold by Intel or its authorized distributors.  Please
refer to the applicable agreement for further details, at
https://fpgasoftware.intel.com/eula.



+-------------------------------------------------------------------------------+
; Analysis & Synthesis Summary                                                  ;
+---------------------------------+---------------------------------------------+
; Analysis & Synthesis Status     ; Successful - Tue Apr 07 10:14:57 2020       ;
; Quartus Prime Version           ; 19.1.0 Build 670 09/22/2019 SJ Lite Edition ;
; Revision Name                   ; number_whack                                ;
; Top-level Entity Name           ; number_whack                                ;
; Family                          ; Cyclone V                                   ;
; Logic utilization (in ALMs)     ; N/A                                         ;
; Total registers                 ; 92                                          ;
; Total pins                      ; 57                                          ;
; Total virtual pins              ; 0                                           ;
; Total block memory bits         ; 0                                           ;
; Total DSP Blocks                ; 0                                           ;
; Total HSSI RX PCSs              ; 0                                           ;
; Total HSSI PMA RX Deserializers ; 0                                           ;
; Total HSSI TX PCSs              ; 0                                           ;
; Total HSSI PMA TX Serializers   ; 0                                           ;
; Total PLLs                      ; 0                                           ;
; Total DLLs                      ; 0                                           ;
+---------------------------------+---------------------------------------------+


+---------------------------------------------------------------------------------------------------------------------------+
; Analysis & Synthesis Settings                                                                                             ;
+---------------------------------------------------------------------------------+--------------------+--------------------+
; Option                                                                          ; Setting            ; Default Value      ;
+---------------------------------------------------------------------------------+--------------------+--------------------+
; Device                                                                          ; 5CSEMA5F31C6       ;                    ;
; Top-level entity name                                                           ; number_whack       ; number_whack       ;
; Family name                                                                     ; Cyclone V          ; Cyclone V          ;
; Maximum processors allowed for parallel compilation                             ; All                ;                    ;
; Use smart compilation                                                           ; Off                ; Off                ;
; Enable parallel Assembler and Timing Analyzer during compilation                ; On                 ; On                 ;
; Enable compact report table                                                     ; Off                ; Off                ;
; Restructure Multiplexers                                                        ; Auto               ; Auto               ;
; MLAB Add Timing Constraints For Mixed-Port Feed-Through Mode Setting Don't Care ; Off                ; Off                ;
; Create Debugging Nodes for IP Cores                                             ; Off                ; Off                ;
; Preserve fewer node names                                                       ; On                 ; On                 ;
; Intel FPGA IP Evaluation Mode                                                   ; Enable             ; Enable             ;
; Verilog Version                                                                 ; Verilog_2001       ; Verilog_2001       ;
; VHDL Version                                                                    ; VHDL_1993          ; VHDL_1993          ;
; State Machine Processing                                                        ; Auto               ; Auto               ;
; Safe State Machine                                                              ; Off                ; Off                ;
; Extract Verilog State Machines                                                  ; On                 ; On                 ;
; Extract VHDL State Machines                                                     ; On                 ; On                 ;
; Ignore Verilog initial constructs                                               ; Off                ; Off                ;
; Iteration limit for constant Verilog loops                                      ; 5000               ; 5000               ;
; Iteration limit for non-constant Verilog loops                                  ; 250                ; 250                ;
; Add Pass-Through Logic to Inferred RAMs                                         ; On                 ; On                 ;
; Infer RAMs from Raw Logic                                                       ; On                 ; On                 ;
; Parallel Synthesis                                                              ; On                 ; On                 ;
; DSP Block Balancing                                                             ; Auto               ; Auto               ;
; NOT Gate Push-Back                                                              ; On                 ; On                 ;
; Power-Up Don't Care                                                             ; On                 ; On                 ;
; Remove Redundant Logic Cells                                                    ; Off                ; Off                ;
; Remove Duplicate Registers                                                      ; On                 ; On                 ;
; Ignore CARRY Buffers                                                            ; Off                ; Off                ;
; Ignore CASCADE Buffers                                                          ; Off                ; Off                ;
; Ignore GLOBAL Buffers                                                           ; Off                ; Off                ;
; Ignore ROW GLOBAL Buffers                                                       ; Off                ; Off                ;
; Ignore LCELL Buffers                                                            ; Off                ; Off                ;
; Ignore SOFT Buffers                                                             ; On                 ; On                 ;
; Limit AHDL Integers to 32 Bits                                                  ; Off                ; Off                ;
; Optimization Technique                                                          ; Balanced           ; Balanced           ;
; Carry Chain Length                                                              ; 70                 ; 70                 ;
; Auto Carry Chains                                                               ; On                 ; On                 ;
; Auto Open-Drain Pins                                                            ; On                 ; On                 ;
; Perform WYSIWYG Primitive Resynthesis                                           ; Off                ; Off                ;
; Auto ROM Replacement                                                            ; On                 ; On                 ;
; Auto RAM Replacement                                                            ; On                 ; On                 ;
; Auto DSP Block Replacement                                                      ; On                 ; On                 ;
; Auto Shift Register Replacement                                                 ; Auto               ; Auto               ;
; Allow Shift Register Merging across Hierarchies                                 ; Auto               ; Auto               ;
; Auto Clock Enable Replacement                                                   ; On                 ; On                 ;
; Strict RAM Replacement                                                          ; Off                ; Off                ;
; Allow Synchronous Control Signals                                               ; On                 ; On                 ;
; Force Use of Synchronous Clear Signals                                          ; Off                ; Off                ;
; Auto Resource Sharing                                                           ; Off                ; Off                ;
; Allow Any RAM Size For Recognition                                              ; Off                ; Off                ;
; Allow Any ROM Size For Recognition                                              ; Off                ; Off                ;
; Allow Any Shift Register Size For Recognition                                   ; Off                ; Off                ;
; Use LogicLock Constraints during Resource Balancing                             ; On                 ; On                 ;
; Ignore translate_off and synthesis_off directives                               ; Off                ; Off                ;
; Timing-Driven Synthesis                                                         ; On                 ; On                 ;
; Report Parameter Settings                                                       ; On                 ; On                 ;
; Report Source Assignments                                                       ; On                 ; On                 ;
; Report Connectivity Checks                                                      ; On                 ; On                 ;
; Ignore Maximum Fan-Out Assignments                                              ; Off                ; Off                ;
; Synchronization Register Chain Length                                           ; 3                  ; 3                  ;
; Power Optimization During Synthesis                                             ; Normal compilation ; Normal compilation ;
; HDL message level                                                               ; Level2             ; Level2             ;
; Suppress Register Optimization Related Messages                                 ; Off                ; Off                ;
; Number of Removed Registers Reported in Synthesis Report                        ; 5000               ; 5000               ;
; Number of Swept Nodes Reported in Synthesis Report                              ; 5000               ; 5000               ;
; Number of Inverted Registers Reported in Synthesis Report                       ; 100                ; 100                ;
; Clock MUX Protection                                                            ; On                 ; On                 ;
; Auto Gated Clock Conversion                                                     ; Off                ; Off                ;
; Block Design Naming                                                             ; Auto               ; Auto               ;
; SDC constraint protection                                                       ; Off                ; Off                ;
; Synthesis Effort                                                                ; Auto               ; Auto               ;
; Shift Register Replacement - Allow Asynchronous Clear Signal                    ; On                 ; On                 ;
; Pre-Mapping Resynthesis Optimization                                            ; Off                ; Off                ;
; Analysis & Synthesis Message Level                                              ; Medium             ; Medium             ;
; Disable Register Merging Across Hierarchies                                     ; Auto               ; Auto               ;
; Resource Aware Inference For Block RAM                                          ; On                 ; On                 ;
; Automatic Parallel Synthesis                                                    ; On                 ; On                 ;
; Partial Reconfiguration Bitstream ID                                            ; Off                ; Off                ;
+---------------------------------------------------------------------------------+--------------------+--------------------+


+------------------------------------------+
; Parallel Compilation                     ;
+----------------------------+-------------+
; Processors                 ; Number      ;
+----------------------------+-------------+
; Number detected on machine ; 2           ;
; Maximum allowed            ; 2           ;
;                            ;             ;
; Average used               ; 1.00        ;
; Maximum used               ; 2           ;
;                            ;             ;
; Usage by Processor         ; % Time Used ;
;     Processor 1            ; 100.0%      ;
;     Processor 2            ;   0.0%      ;
+----------------------------+-------------+


+-------------------------------------------------------------------------------------------------------------------------------------------+
; Analysis & Synthesis Source Files Read                                                                                                    ;
+----------------------------------+-----------------+-----------------+----------------------------------------------------------+---------+
; File Name with User-Entered Path ; Used in Netlist ; File Type       ; File Name with Absolute Path                             ; Library ;
+----------------------------------+-----------------+-----------------+----------------------------------------------------------+---------+
; number_whack.vhd                 ; yes             ; User VHDL File  ; C:/Users/DC_User/Documents/number_whack/number_whack.vhd ;         ;
; clock.vhd                        ; yes             ; User VHDL File  ; C:/Users/DC_User/Documents/number_whack/clock.vhd        ;         ;
; disp_encoder.vhd                 ; yes             ; User VHDL File  ; C:/Users/DC_User/Documents/number_whack/disp_encoder.vhd ;         ;
; keypad.vhd                       ; yes             ; User VHDL File  ; C:/Users/DC_User/Documents/number_whack/keypad.vhd       ;         ;
; generator.vhd                    ; yes             ; User VHDL File  ; C:/Users/DC_User/Documents/number_whack/generator.vhd    ;         ;
; countdown.vhd                    ; yes             ; User VHDL File  ; C:/Users/DC_User/Documents/number_whack/countdown.vhd    ;         ;
+----------------------------------+-----------------+-----------------+----------------------------------------------------------+---------+


+---------------------------------------------------------+
; Analysis & Synthesis Resource Usage Summary             ;
+---------------------------------------------+-----------+
; Resource                                    ; Usage     ;
+---------------------------------------------+-----------+
; Estimate of Logic utilization (ALMs needed) ; 96        ;
;                                             ;           ;
; Combinational ALUT usage for logic          ; 167       ;
;     -- 7 input functions                    ; 0         ;
;     -- 6 input functions                    ; 23        ;
;     -- 5 input functions                    ; 17        ;
;     -- 4 input functions                    ; 49        ;
;     -- <=3 input functions                  ; 78        ;
;                                             ;           ;
; Dedicated logic registers                   ; 92        ;
;                                             ;           ;
; I/O pins                                    ; 57        ;
;                                             ;           ;
; Total DSP Blocks                            ; 0         ;
;                                             ;           ;
; Maximum fan-out node                        ; clk~input ;
; Maximum fan-out                             ; 72        ;
; Total fan-out                               ; 991       ;
; Average fan-out                             ; 2.66      ;
+---------------------------------------------+-----------+


+---------------------------------------------------------------------------------------------------------------------------------------------------------------------------------------------------+
; Analysis & Synthesis Resource Utilization by Entity                                                                                                                                               ;
+----------------------------+---------------------+---------------------------+-------------------+------------+------+--------------+-------------------------------+--------------+--------------+
; Compilation Hierarchy Node ; Combinational ALUTs ; Dedicated Logic Registers ; Block Memory Bits ; DSP Blocks ; Pins ; Virtual Pins ; Full Hierarchy Name           ; Entity Name  ; Library Name ;
+----------------------------+---------------------+---------------------------+-------------------+------------+------+--------------+-------------------------------+--------------+--------------+
; |number_whack              ; 167 (39)            ; 92 (27)                   ; 0                 ; 0          ; 57   ; 0            ; |number_whack                 ; number_whack ; work         ;
;    |clock:C1|              ; 42 (42)             ; 33 (33)                   ; 0                 ; 0          ; 0    ; 0            ; |number_whack|clock:C1        ; clock        ; work         ;
;    |countdown:K3|          ; 20 (20)             ; 8 (8)                     ; 0                 ; 0          ; 0    ; 0            ; |number_whack|countdown:K3    ; countdown    ; work         ;
;    |disp_encoder:D1|       ; 7 (7)               ; 0 (0)                     ; 0                 ; 0          ; 0    ; 0            ; |number_whack|disp_encoder:D1 ; disp_encoder ; work         ;
;    |disp_encoder:D2|       ; 7 (7)               ; 0 (0)                     ; 0                 ; 0          ; 0    ; 0            ; |number_whack|disp_encoder:D2 ; disp_encoder ; work         ;
;    |disp_encoder:D3|       ; 7 (7)               ; 0 (0)                     ; 0                 ; 0          ; 0    ; 0            ; |number_whack|disp_encoder:D3 ; disp_encoder ; work         ;
;    |disp_encoder:D4|       ; 7 (7)               ; 0 (0)                     ; 0                 ; 0          ; 0    ; 0            ; |number_whack|disp_encoder:D4 ; disp_encoder ; work         ;
;    |disp_encoder:D5|       ; 2 (2)               ; 0 (0)                     ; 0                 ; 0          ; 0    ; 0            ; |number_whack|disp_encoder:D5 ; disp_encoder ; work         ;
;    |disp_encoder:D6|       ; 7 (7)               ; 0 (0)                     ; 0                 ; 0          ; 0    ; 0            ; |number_whack|disp_encoder:D6 ; disp_encoder ; work         ;
;    |generator:K2|          ; 8 (8)               ; 10 (10)                   ; 0                 ; 0          ; 0    ; 0            ; |number_whack|generator:K2    ; generator    ; work         ;
;    |keypad:K1|             ; 21 (21)             ; 14 (14)                   ; 0                 ; 0          ; 0    ; 0            ; |number_whack|keypad:K1       ; keypad       ; work         ;
+----------------------------+---------------------+---------------------------+-------------------+------------+------+--------------+-------------------------------+--------------+--------------+
Note: For table entries with two numbers listed, the numbers in parentheses indicate the number of resources of the given type used by the specific entity alone. The numbers listed outside of parentheses indicate the total resources of the given type used by the specific entity and all of its sub-entities in the hierarchy.


+--------------------------------------------------------------------------------+
; Registers Removed During Synthesis                                             ;
+---------------------------------------+----------------------------------------+
; Register name                         ; Reason for Removal                     ;
+---------------------------------------+----------------------------------------+
; keypad:K1|engaged                     ; Merged with engaged                    ;
; generator:K2|number[3]                ; Merged with generator:K2|a[3]          ;
; generator:K2|number[2]                ; Merged with generator:K2|a[2]          ;
; generator:K2|number[1]                ; Merged with generator:K2|a[1]          ;
; generator:K2|number[0]                ; Merged with generator:K2|a[0]          ;
; engaged                               ; Stuck at GND due to stuck port data_in ;
; keypad:K1|pad_col[0]                  ; Stuck at VCC due to stuck port data_in ;
; keypad:K1|pad_pwr[0]                  ; Stuck at VCC due to stuck port data_in ;
; Total Number of Removed Registers = 8 ;                                        ;
+---------------------------------------+----------------------------------------+


+----------------------------------------------------------------------------------------+
; Removed Registers Triggering Further Register Optimizations                            ;
+---------------+---------------------------+--------------------------------------------+
; Register name ; Reason for Removal        ; Registers Removed due to This Register     ;
+---------------+---------------------------+--------------------------------------------+
; engaged       ; Stuck at GND              ; keypad:K1|pad_col[0], keypad:K1|pad_pwr[0] ;
;               ; due to stuck port data_in ;                                            ;
+---------------+---------------------------+--------------------------------------------+


+------------------------------------------------------+
; General Register Statistics                          ;
+----------------------------------------------+-------+
; Statistic                                    ; Value ;
+----------------------------------------------+-------+
; Total registers                              ; 92    ;
; Number of registers using Synchronous Clear  ; 41    ;
; Number of registers using Synchronous Load   ; 2     ;
; Number of registers using Asynchronous Clear ; 41    ;
; Number of registers using Asynchronous Load  ; 0     ;
; Number of registers using Clock Enable       ; 29    ;
; Number of registers using Preset             ; 0     ;
+----------------------------------------------+-------+


+--------------------------------------------------+
; Inverted Register Statistics                     ;
+----------------------------------------+---------+
; Inverted Register                      ; Fan out ;
+----------------------------------------+---------+
; keypad:K1|pad_col[1]                   ; 8       ;
; keypad:K1|pad_col[2]                   ; 8       ;
; count_sta[3]                           ; 4       ;
; count_sta[0]                           ; 7       ;
; keypad:K1|key_sig[3]                   ; 2       ;
; keypad:K1|key_sig[0]                   ; 5       ;
; keypad:K1|key_sig[1]                   ; 2       ;
; keypad:K1|key_sig[2]                   ; 2       ;
; generator:K2|b[0]                      ; 2       ;
; Total number of inverted registers = 9 ;         ;
+----------------------------------------+---------+


+----------------------------------------------------------------------------------------------------------------------------------------------------------+
; Multiplexer Restructuring Statistics (Restructuring Performed)                                                                                           ;
+--------------------+-----------+---------------+----------------------+------------------------+------------+--------------------------------------------+
; Multiplexer Inputs ; Bus Width ; Baseline Area ; Area if Restructured ; Saving if Restructured ; Registered ; Example Multiplexer Output                 ;
+--------------------+-----------+---------------+----------------------+------------------------+------------+--------------------------------------------+
; 3:1                ; 2 bits    ; 4 LEs         ; 4 LEs                ; 0 LEs                  ; Yes        ; |number_whack|v_lives[0]                   ;
; 3:1                ; 2 bits    ; 4 LEs         ; 4 LEs                ; 0 LEs                  ; Yes        ; |number_whack|v_lives[2]                   ;
; 4:1                ; 6 bits    ; 12 LEs        ; 12 LEs               ; 0 LEs                  ; Yes        ; |number_whack|v_level[0]                   ;
; 5:1                ; 4 bits    ; 12 LEs        ; 8 LEs                ; 4 LEs                  ; Yes        ; |number_whack|v_score[0]                   ;
; 4:1                ; 2 bits    ; 4 LEs         ; 4 LEs                ; 0 LEs                  ; Yes        ; |number_whack|count_sta[3]                 ;
; 14:1               ; 3 bits    ; 27 LEs        ; 18 LEs               ; 9 LEs                  ; Yes        ; |number_whack|keypad:K1|key_sig[2]         ;
; 3:1                ; 3 bits    ; 6 LEs         ; 6 LEs                ; 0 LEs                  ; No         ; |number_whack|disp_encoder:D5|disp_code[4] ;
; 8:1                ; 2 bits    ; 10 LEs        ; 8 LEs                ; 2 LEs                  ; No         ; |number_whack|disp_encoder:D4|disp_code[6] ;
; 6:1                ; 2 bits    ; 8 LEs         ; 8 LEs                ; 0 LEs                  ; No         ; |number_whack|disp_encoder:D3|disp_code[2] ;
; 6:1                ; 2 bits    ; 8 LEs         ; 8 LEs                ; 0 LEs                  ; No         ; |number_whack|disp_encoder:D6|disp_code[0] ;
; 6:1                ; 2 bits    ; 8 LEs         ; 8 LEs                ; 0 LEs                  ; No         ; |number_whack|disp_encoder:D2|disp_code[2] ;
; 6:1                ; 2 bits    ; 8 LEs         ; 8 LEs                ; 0 LEs                  ; No         ; |number_whack|disp_encoder:D1|disp_code[2] ;
; 7:1                ; 2 bits    ; 8 LEs         ; 8 LEs                ; 0 LEs                  ; No         ; |number_whack|disp_encoder:D3|disp_code[3] ;
; 7:1                ; 2 bits    ; 8 LEs         ; 8 LEs                ; 0 LEs                  ; No         ; |number_whack|disp_encoder:D6|disp_code[3] ;
; 7:1                ; 2 bits    ; 8 LEs         ; 8 LEs                ; 0 LEs                  ; No         ; |number_whack|disp_encoder:D2|disp_code[4] ;
; 7:1                ; 2 bits    ; 8 LEs         ; 8 LEs                ; 0 LEs                  ; No         ; |number_whack|disp_encoder:D1|disp_code[4] ;
; 8:1                ; 2 bits    ; 10 LEs        ; 10 LEs               ; 0 LEs                  ; No         ; |number_whack|disp_encoder:D3|disp_code[1] ;
+--------------------+-----------+---------------+----------------------+------------------------+------------+--------------------------------------------+


+----------------------------------------------------+
; Port Connectivity Checks: "disp_encoder:D5"        ;
+------------------+-------+----------+--------------+
; Port             ; Type  ; Severity ; Details      ;
+------------------+-------+----------+--------------+
; binary_num[3..2] ; Input ; Info     ; Stuck at GND ;
+------------------+-------+----------+--------------+


+-------------------------------------------------+
; Port Connectivity Checks: "disp_encoder:D4"     ;
+---------------+-------+----------+--------------+
; Port          ; Type  ; Severity ; Details      ;
+---------------+-------+----------+--------------+
; binary_num[3] ; Input ; Info     ; Stuck at GND ;
+---------------+-------+----------+--------------+


+-----------------------------------------------------+
; Post-Synthesis Netlist Statistics for Top Partition ;
+-----------------------+-----------------------------+
; Type                  ; Count                       ;
+-----------------------+-----------------------------+
; arriav_ff             ; 92                          ;
;     CLR               ; 9                           ;
;     CLR SCLR          ; 32                          ;
;     ENA               ; 29                          ;
;     SCLR              ; 9                           ;
;     SLD               ; 2                           ;
;     plain             ; 11                          ;
; arriav_lcell_comb     ; 176                         ;
;     arith             ; 37                          ;
;         1 data inputs ; 32                          ;
;         2 data inputs ; 5                           ;
;     normal            ; 139                         ;
;         0 data inputs ; 2                           ;
;         1 data inputs ; 15                          ;
;         2 data inputs ; 12                          ;
;         3 data inputs ; 21                          ;
;         4 data inputs ; 49                          ;
;         5 data inputs ; 17                          ;
;         6 data inputs ; 23                          ;
; boundary_port         ; 57                          ;
;                       ;                             ;
; Max LUT depth         ; 4.10                        ;
; Average LUT depth     ; 2.60                        ;
+-----------------------+-----------------------------+


+-------------------------------+
; Elapsed Time Per Partition    ;
+----------------+--------------+
; Partition Name ; Elapsed Time ;
+----------------+--------------+
; Top            ; 00:00:01     ;
+----------------+--------------+


+-------------------------------+
; Analysis & Synthesis Messages ;
+-------------------------------+
Info: *******************************************************************
Info: Running Quartus Prime Analysis & Synthesis
    Info: Version 19.1.0 Build 670 09/22/2019 SJ Lite Edition
    Info: Processing started: Tue Apr 07 10:14:39 2020
Info: Command: quartus_map --read_settings_files=on --write_settings_files=off number_whack -c number_whack
Info (20030): Parallel compilation is enabled and will use 2 of the 2 processors detected
Info (12021): Found 2 design units, including 1 entities, in source file number_whack.vhd
    Info (12022): Found design unit 1: number_whack-behaviour File: C:/Users/DC_User/Documents/number_whack/number_whack.vhd Line: 30
    Info (12023): Found entity 1: number_whack File: C:/Users/DC_User/Documents/number_whack/number_whack.vhd Line: 10
Info (12021): Found 2 design units, including 1 entities, in source file test_bench.vhd
    Info (12022): Found design unit 1: test_bench-test File: C:/Users/DC_User/Documents/number_whack/test_bench.vhd Line: 7
    Info (12023): Found entity 1: test_bench File: C:/Users/DC_User/Documents/number_whack/test_bench.vhd Line: 4
Info (12021): Found 2 design units, including 1 entities, in source file clock.vhd
    Info (12022): Found design unit 1: clock-behaviour File: C:/Users/DC_User/Documents/number_whack/clock.vhd Line: 15
    Info (12023): Found entity 1: clock File: C:/Users/DC_User/Documents/number_whack/clock.vhd Line: 5
Info (12021): Found 2 design units, including 1 entities, in source file disp_encoder.vhd
    Info (12022): Found design unit 1: disp_encoder-dataflow File: C:/Users/DC_User/Documents/number_whack/disp_encoder.vhd Line: 13
    Info (12023): Found entity 1: disp_encoder File: C:/Users/DC_User/Documents/number_whack/disp_encoder.vhd Line: 4
Info (12021): Found 2 design units, including 1 entities, in source file keypad.vhd
    Info (12022): Found design unit 1: keypad-behaviour File: C:/Users/DC_User/Documents/number_whack/keypad.vhd Line: 16
    Info (12023): Found entity 1: keypad File: C:/Users/DC_User/Documents/number_whack/keypad.vhd Line: 5
Info (12021): Found 2 design units, including 1 entities, in source file generator.vhd
    Info (12022): Found design unit 1: generator-behaviour File: C:/Users/DC_User/Documents/number_whack/generator.vhd Line: 14
    Info (12023): Found entity 1: generator File: C:/Users/DC_User/Documents/number_whack/generator.vhd Line: 5
Info (12021): Found 2 design units, including 1 entities, in source file countdown.vhd
    Info (12022): Found design unit 1: countdown-behaviour File: C:/Users/DC_User/Documents/number_whack/countdown.vhd Line: 16
    Info (12023): Found entity 1: countdown File: C:/Users/DC_User/Documents/number_whack/countdown.vhd Line: 5
Info (12127): Elaborating entity "number_whack" for the top level hierarchy
Warning (10540): VHDL Signal Declaration warning at number_whack.vhd(17): used explicit default value for signal "pad_key_show" because signal was never assigned a value File: C:/Users/DC_User/Documents/number_whack/number_whack.vhd Line: 17
Warning (10492): VHDL Process Statement warning at number_whack.vhd(146): signal "score" is read inside the Process Statement but isn't in the Process Statement's sensitivity list File: C:/Users/DC_User/Documents/number_whack/number_whack.vhd Line: 146
Warning (10492): VHDL Process Statement warning at number_whack.vhd(147): signal "lives" is read inside the Process Statement but isn't in the Process Statement's sensitivity list File: C:/Users/DC_User/Documents/number_whack/number_whack.vhd Line: 147
Warning (10492): VHDL Process Statement warning at number_whack.vhd(148): signal "level" is read inside the Process Statement but isn't in the Process Statement's sensitivity list File: C:/Users/DC_User/Documents/number_whack/number_whack.vhd Line: 148
Warning (10492): VHDL Process Statement warning at number_whack.vhd(152): signal "engaged" is read inside the Process Statement but isn't in the Process Statement's sensitivity list File: C:/Users/DC_User/Documents/number_whack/number_whack.vhd Line: 152
Info (12128): Elaborating entity "clock" for hierarchy "clock:C1" File: C:/Users/DC_User/Documents/number_whack/number_whack.vhd Line: 107
Warning (10540): VHDL Signal Declaration warning at clock.vhd(18): used explicit default value for signal "prescaler" because signal was never assigned a value File: C:/Users/DC_User/Documents/number_whack/clock.vhd Line: 18
Warning (10492): VHDL Process Statement warning at clock.vhd(26): signal "state" is read inside the Process Statement but isn't in the Process Statement's sensitivity list File: C:/Users/DC_User/Documents/number_whack/clock.vhd Line: 26
Info (12128): Elaborating entity "keypad" for hierarchy "keypad:K1" File: C:/Users/DC_User/Documents/number_whack/number_whack.vhd Line: 118
Warning (10542): VHDL Variable Declaration warning at keypad.vhd(28): used initial value expression for variable "v_pad_col" because variable was never assigned a value File: C:/Users/DC_User/Documents/number_whack/keypad.vhd Line: 28
Warning (10492): VHDL Process Statement warning at keypad.vhd(28): signal "pad_col" is read inside the Process Statement but isn't in the Process Statement's sensitivity list File: C:/Users/DC_User/Documents/number_whack/keypad.vhd Line: 28
Warning (10492): VHDL Process Statement warning at keypad.vhd(32): signal "engaged" is read inside the Process Statement but isn't in the Process Statement's sensitivity list File: C:/Users/DC_User/Documents/number_whack/keypad.vhd Line: 32
Info (12128): Elaborating entity "disp_encoder" for hierarchy "disp_encoder:D1" File: C:/Users/DC_User/Documents/number_whack/number_whack.vhd Line: 119
Info (12128): Elaborating entity "generator" for hierarchy "generator:K2" File: C:/Users/DC_User/Documents/number_whack/number_whack.vhd Line: 127
Info (12128): Elaborating entity "countdown" for hierarchy "countdown:K3" File: C:/Users/DC_User/Documents/number_whack/number_whack.vhd Line: 132
Warning (10492): VHDL Process Statement warning at countdown.vhd(28): signal "start_count" is read inside the Process Statement but isn't in the Process Statement's sensitivity list File: C:/Users/DC_User/Documents/number_whack/countdown.vhd Line: 28
Warning (10492): VHDL Process Statement warning at countdown.vhd(29): signal "start_count" is read inside the Process Statement but isn't in the Process Statement's sensitivity list File: C:/Users/DC_User/Documents/number_whack/countdown.vhd Line: 29
Warning (13004): Presettable and clearable registers converted to equivalent circuits with latches. Registers power-up to an undefined state, and DEVCLRn places the registers in an undefined state.
    Warning (13310): Register "countdown:K3|count[0]" is converted into an equivalent circuit using register "countdown:K3|count[0]~_emulated" and latch "countdown:K3|count[0]~1" File: C:/Users/DC_User/Documents/number_whack/countdown.vhd Line: 26
    Warning (13310): Register "countdown:K3|count[1]" is converted into an equivalent circuit using register "countdown:K3|count[1]~_emulated" and latch "countdown:K3|count[1]~5" File: C:/Users/DC_User/Documents/number_whack/countdown.vhd Line: 26
    Warning (13310): Register "countdown:K3|count[3]" is converted into an equivalent circuit using register "countdown:K3|count[3]~_emulated" and latch "countdown:K3|count[3]~9" File: C:/Users/DC_User/Documents/number_whack/countdown.vhd Line: 26
    Warning (13310): Register "countdown:K3|count[2]" is converted into an equivalent circuit using register "countdown:K3|count[2]~_emulated" and latch "countdown:K3|count[2]~13" File: C:/Users/DC_User/Documents/number_whack/countdown.vhd Line: 26
    Warning (13310): Register "countdown:K3|time_sig[0]" is converted into an equivalent circuit using register "countdown:K3|time_sig[0]~_emulated" and latch "countdown:K3|count[0]~1" File: C:/Users/DC_User/Documents/number_whack/countdown.vhd Line: 26
    Warning (13310): Register "countdown:K3|time_sig[1]" is converted into an equivalent circuit using register "countdown:K3|time_sig[1]~_emulated" and latch "countdown:K3|count[1]~5" File: C:/Users/DC_User/Documents/number_whack/countdown.vhd Line: 26
    Warning (13310): Register "countdown:K3|time_sig[3]" is converted into an equivalent circuit using register "countdown:K3|time_sig[3]~_emulated" and latch "countdown:K3|count[3]~9" File: C:/Users/DC_User/Documents/number_whack/countdown.vhd Line: 26
    Warning (13310): Register "countdown:K3|time_sig[2]" is converted into an equivalent circuit using register "countdown:K3|time_sig[2]~_emulated" and latch "countdown:K3|count[2]~13" File: C:/Users/DC_User/Documents/number_whack/countdown.vhd Line: 26
Warning (13024): Output pins are stuck at VCC or GND
    Warning (13410): Pin "pad_key_show[0]" is stuck at VCC File: C:/Users/DC_User/Documents/number_whack/number_whack.vhd Line: 17
    Warning (13410): Pin "pad_key_show[1]" is stuck at VCC File: C:/Users/DC_User/Documents/number_whack/number_whack.vhd Line: 17
    Warning (13410): Pin "pad_key_show[2]" is stuck at VCC File: C:/Users/DC_User/Documents/number_whack/number_whack.vhd Line: 17
    Warning (13410): Pin "pad_key_show[3]" is stuck at VCC File: C:/Users/DC_User/Documents/number_whack/number_whack.vhd Line: 17
    Warning (13410): Pin "pad_pwr[0]" is stuck at VCC File: C:/Users/DC_User/Documents/number_whack/number_whack.vhd Line: 19
    Warning (13410): Pin "disp_lives[1]" is stuck at GND File: C:/Users/DC_User/Documents/number_whack/number_whack.vhd Line: 22
Info (286030): Timing-Driven Synthesis is running
Info (16010): Generating hard_block partition "hard_block:auto_generated_inst"
    Info (16011): Adding 0 node(s), including 0 DDIO, 0 PLL, 0 transceiver and 0 LCELL
Info (21057): Implemented 237 device resources after synthesis - the final resource count might be different
    Info (21058): Implemented 6 input pins
    Info (21059): Implemented 51 output pins
    Info (21061): Implemented 180 logic cells
Info: Quartus Prime Analysis & Synthesis was successful. 0 errors, 28 warnings
    Info: Peak virtual memory: 4860 megabytes
    Info: Processing ended: Tue Apr 07 10:14:57 2020
    Info: Elapsed time: 00:00:18
    Info: Total CPU time (on all processors): 00:00:18


